// Jest Snapshot v1, https://goo.gl/fbAQLP

exports[`PopupChangePassword.vue when PopupChangePassword was mounted  should render correctly 1`] = `
<div class="modal active"><span class="modal-overlay"></span>
  <div class="modal-container">
    <div class="modal-header"><button class="btn btn-clear float-right"></button>
      <h3 class="modal-title">
        Your password is not secured
      </h3>
    </div>
    <div class="modal-body">
      <div class="content">
        You are using password generated by system, it's not secured. Please change your password as soon as possible
      </div>
    </div>
    <div class="modal-footer">
      <router-link-stub to="/settings/password" tag="a" event="click" class="btn btn-success">
        Change password
      </router-link-stub> <button type="button" class="btn">
        Remind me later
      </button>
    </div>
  </div>
</div>
`;
