// Jest Snapshot v1, https://goo.gl/fbAQLP

exports[`UserProfile.vue when UserProfile was mounted should render correctly 1`] = `
<form class="setting-form">
  <div class="form-group"><label class="form-label">Avatar</label> <img src="http://localhost:3000/static/default/user_avatar-751fbd8e7c012f38bb132002fc9d7fab3461c512847921987c2fab06e376b263.png" alt="John Kenedy" class="img-profile"> <input type="file" class="form-input">
    <!---->
  </div>
  <div class="form-group"><label class="form-label">Email</label> <input type="text" class="form-input">
    <!---->
    <!---->
  </div>
  <div class="form-group"><label class="form-label">Name</label> <input type="text" class="form-input">
    <!---->
    <!---->
  </div>
  <div class="form-group"><label class="form-label">Gender</label> <label class="form-radio"><input type="radio" value="male"> <i class="form-icon"></i> Male
    </label> <label class="form-radio"><input type="radio" value="female"> <i class="form-icon"></i> Female
    </label></div>
  <div class="form-group"><label class="form-label">Position</label> <input type="text" class="form-input"></div>
  <div class="form-group"><label class="form-label">Role</label> <select disabled="disabled" class="form-select">
      <option value="member">
        Member
      </option>
      <option value="admin">
        Admin
      </option>
      <option value="superadmin">
        Superadmin
      </option>
    </select></div>
  <div class="form-group"><button type="button" class="btn btn-success btn-submit">
      Save
    </button></div>
</form>
`;
